// Jest Snapshot v1, https://goo.gl/fbAQLP

exports[`PageHeader generate DOM 1`] = `<header></header>`;
